---
http_interactions:
- request:
    method: get
    uri: https://api.github.com/repos/elizabrock/inquizator-test-repo/contents/exercises
    body:
      encoding: US-ASCII
      string: ''
    headers:
      Accept:
      - application/vnd.github.v3+json
      User-Agent:
      - Octokit Ruby Gem 3.1.0
      Authorization:
      - token d141ef15f79ca4c6f43a8c688e0434648f277f20
      Accept-Encoding:
      - gzip;q=1.0,deflate;q=0.6,identity;q=0.3
  response:
    status:
      code: 200
      message: OK
    headers:
      Server:
      - GitHub.com
      Date:
      - Tue, 03 Jun 2014 18:26:19 GMT
      Content-Type:
      - application/json; charset=utf-8
      Transfer-Encoding:
      - chunked
      Status:
      - 200 OK
      X-Ratelimit-Limit:
      - '5000'
      X-Ratelimit-Remaining:
      - '4949'
      X-Ratelimit-Reset:
      - '1401823096'
      Cache-Control:
      - private, max-age=60, s-maxage=60
      Last-Modified:
      - Wed, 26 Mar 2014 01:03:22 GMT
      Etag:
      - '"54043e8bbcb0fb15d73a8f4f86f1fedd"'
      X-Oauth-Scopes:
      - public_repo, user
      X-Accepted-Oauth-Scopes:
      - ''
      Vary:
      - Accept, Authorization, Cookie, X-GitHub-OTP
      - Accept-Encoding
      X-Github-Media-Type:
      - github.v3; format=json
      X-Xss-Protection:
      - 1; mode=block
      X-Frame-Options:
      - deny
      Content-Security-Policy:
      - default-src 'none'
      Access-Control-Allow-Credentials:
      - 'true'
      Access-Control-Expose-Headers:
      - ETag, Link, X-GitHub-OTP, X-RateLimit-Limit, X-RateLimit-Remaining, X-RateLimit-Reset,
        X-OAuth-Scopes, X-Accepted-OAuth-Scopes, X-Poll-Interval
      Access-Control-Allow-Origin:
      - "*"
      X-Github-Request-Id:
      - 44358582:089F:16117434:538E134B
      Strict-Transport-Security:
      - max-age=31536000
      X-Content-Type-Options:
      - nosniff
      X-Served-By:
      - a1d8c69b807c8e21f06cad9da377d1b0
    body:
      encoding: UTF-8
      string: '[{"name":"01-cheers","path":"exercises/01-cheers","sha":"8fe8641fa77fd4e90ad0128774a07aaeea7a47b7","size":0,"url":"https://api.github.com/repos/elizabrock/inquizator-test-repo/contents/exercises/01-cheers?ref=master","html_url":"https://github.com/elizabrock/inquizator-test-repo/tree/master/exercises/01-cheers","git_url":"https://api.github.com/repos/elizabrock/inquizator-test-repo/git/trees/8fe8641fa77fd4e90ad0128774a07aaeea7a47b7","type":"dir","_links":{"self":"https://api.github.com/repos/elizabrock/inquizator-test-repo/contents/exercises/01-cheers?ref=master","git":"https://api.github.com/repos/elizabrock/inquizator-test-repo/git/trees/8fe8641fa77fd4e90ad0128774a07aaeea7a47b7","html":"https://github.com/elizabrock/inquizator-test-repo/tree/master/exercises/01-cheers"}},{"name":"02-ruby-koans","path":"exercises/02-ruby-koans","sha":"b3f6b39822ca8b450b5b0d34169016b46d5d4c6f","size":0,"url":"https://api.github.com/repos/elizabrock/inquizator-test-repo/contents/exercises/02-ruby-koans?ref=master","html_url":"https://github.com/elizabrock/inquizator-test-repo/tree/master/exercises/02-ruby-koans","git_url":"https://api.github.com/repos/elizabrock/inquizator-test-repo/git/trees/b3f6b39822ca8b450b5b0d34169016b46d5d4c6f","type":"dir","_links":{"self":"https://api.github.com/repos/elizabrock/inquizator-test-repo/contents/exercises/02-ruby-koans?ref=master","git":"https://api.github.com/repos/elizabrock/inquizator-test-repo/git/trees/b3f6b39822ca8b450b5b0d34169016b46d5d4c6f","html":"https://github.com/elizabrock/inquizator-test-repo/tree/master/exercises/02-ruby-koans"}},{"name":"03-some-other-exercise","path":"exercises/03-some-other-exercise","sha":"8fe8641fa77fd4e90ad0128774a07aaeea7a47b7","size":0,"url":"https://api.github.com/repos/elizabrock/inquizator-test-repo/contents/exercises/03-some-other-exercise?ref=master","html_url":"https://github.com/elizabrock/inquizator-test-repo/tree/master/exercises/03-some-other-exercise","git_url":"https://api.github.com/repos/elizabrock/inquizator-test-repo/git/trees/8fe8641fa77fd4e90ad0128774a07aaeea7a47b7","type":"dir","_links":{"self":"https://api.github.com/repos/elizabrock/inquizator-test-repo/contents/exercises/03-some-other-exercise?ref=master","git":"https://api.github.com/repos/elizabrock/inquizator-test-repo/git/trees/8fe8641fa77fd4e90ad0128774a07aaeea7a47b7","html":"https://github.com/elizabrock/inquizator-test-repo/tree/master/exercises/03-some-other-exercise"}},{"name":"04-unfinished-exercise","path":"exercises/04-unfinished-exercise","sha":"fd6b3d30c0e2f274ee08774c93ee760aaf82db1f","size":0,"url":"https://api.github.com/repos/elizabrock/inquizator-test-repo/contents/exercises/04-unfinished-exercise?ref=master","html_url":"https://github.com/elizabrock/inquizator-test-repo/tree/master/exercises/04-unfinished-exercise","git_url":"https://api.github.com/repos/elizabrock/inquizator-test-repo/git/trees/fd6b3d30c0e2f274ee08774c93ee760aaf82db1f","type":"dir","_links":{"self":"https://api.github.com/repos/elizabrock/inquizator-test-repo/contents/exercises/04-unfinished-exercise?ref=master","git":"https://api.github.com/repos/elizabrock/inquizator-test-repo/git/trees/fd6b3d30c0e2f274ee08774c93ee760aaf82db1f","html":"https://github.com/elizabrock/inquizator-test-repo/tree/master/exercises/04-unfinished-exercise"}}]'
    http_version: 
  recorded_at: Fri, 01 Mar 2013 06:00:00 GMT
- request:
    method: get
    uri: https://api.github.com/repos/elizabrock/inquizator-test-repo/contents/exercises/04-unfinished-exercise/instructions.md
    body:
      encoding: US-ASCII
      string: ''
    headers:
      Accept:
      - application/vnd.github.v3+json
      User-Agent:
      - Octokit Ruby Gem 3.1.0
      Authorization:
      - token d141ef15f79ca4c6f43a8c688e0434648f277f20
      Accept-Encoding:
      - gzip;q=1.0,deflate;q=0.6,identity;q=0.3
  response:
    status:
      code: 404
      message: Not Found
    headers:
      Server:
      - GitHub.com
      Date:
      - Tue, 03 Jun 2014 18:26:19 GMT
      Content-Type:
      - application/json; charset=utf-8
      Transfer-Encoding:
      - chunked
      Status:
      - 404 Not Found
      X-Ratelimit-Limit:
      - '5000'
      X-Ratelimit-Remaining:
      - '4948'
      X-Ratelimit-Reset:
      - '1401823096'
      X-Oauth-Scopes:
      - public_repo, user
      X-Accepted-Oauth-Scopes:
      - ''
      X-Github-Media-Type:
      - github.v3; format=json
      X-Xss-Protection:
      - 1; mode=block
      X-Frame-Options:
      - deny
      Content-Security-Policy:
      - default-src 'none'
      Access-Control-Allow-Credentials:
      - 'true'
      Access-Control-Expose-Headers:
      - ETag, Link, X-GitHub-OTP, X-RateLimit-Limit, X-RateLimit-Remaining, X-RateLimit-Reset,
        X-OAuth-Scopes, X-Accepted-OAuth-Scopes, X-Poll-Interval
      Access-Control-Allow-Origin:
      - "*"
      X-Github-Request-Id:
      - 44358582:089F:1611749B:538E134B
      Strict-Transport-Security:
      - max-age=31536000
      X-Content-Type-Options:
      - nosniff
    body:
      encoding: UTF-8
      string: '{"message":"Not Found","documentation_url":"https://developer.github.com/v3"}'
    http_version: 
  recorded_at: Fri, 01 Mar 2013 06:00:00 GMT
- request:
    method: get
    uri: https://api.github.com/repos/elizabrock/inquizator-test-repo/contents/exercises
    body:
      encoding: US-ASCII
      string: ''
    headers:
      Accept:
      - application/vnd.github.v3+json
      User-Agent:
      - Octokit Ruby Gem 3.1.0
      Authorization:
      - token d141ef15f79ca4c6f43a8c688e0434648f277f20
      Accept-Encoding:
      - gzip;q=1.0,deflate;q=0.6,identity;q=0.3
  response:
    status:
      code: 200
      message: OK
    headers:
      Server:
      - GitHub.com
      Date:
      - Tue, 03 Jun 2014 18:26:19 GMT
      Content-Type:
      - application/json; charset=utf-8
      Transfer-Encoding:
      - chunked
      Status:
      - 200 OK
      X-Ratelimit-Limit:
      - '5000'
      X-Ratelimit-Remaining:
      - '4947'
      X-Ratelimit-Reset:
      - '1401823096'
      Cache-Control:
      - private, max-age=60, s-maxage=60
      Last-Modified:
      - Wed, 26 Mar 2014 01:03:22 GMT
      Etag:
      - '"54043e8bbcb0fb15d73a8f4f86f1fedd"'
      X-Oauth-Scopes:
      - public_repo, user
      X-Accepted-Oauth-Scopes:
      - ''
      Vary:
      - Accept, Authorization, Cookie, X-GitHub-OTP
      - Accept-Encoding
      X-Github-Media-Type:
      - github.v3; format=json
      X-Xss-Protection:
      - 1; mode=block
      X-Frame-Options:
      - deny
      Content-Security-Policy:
      - default-src 'none'
      Access-Control-Allow-Credentials:
      - 'true'
      Access-Control-Expose-Headers:
      - ETag, Link, X-GitHub-OTP, X-RateLimit-Limit, X-RateLimit-Remaining, X-RateLimit-Reset,
        X-OAuth-Scopes, X-Accepted-OAuth-Scopes, X-Poll-Interval
      Access-Control-Allow-Origin:
      - "*"
      X-Github-Request-Id:
      - 44358582:08A0:5A7F869:538E134B
      Strict-Transport-Security:
      - max-age=31536000
      X-Content-Type-Options:
      - nosniff
      X-Served-By:
      - 62a1303ae95931e56e387e87d354bb24
    body:
      encoding: UTF-8
      string: '[{"name":"01-cheers","path":"exercises/01-cheers","sha":"8fe8641fa77fd4e90ad0128774a07aaeea7a47b7","size":0,"url":"https://api.github.com/repos/elizabrock/inquizator-test-repo/contents/exercises/01-cheers?ref=master","html_url":"https://github.com/elizabrock/inquizator-test-repo/tree/master/exercises/01-cheers","git_url":"https://api.github.com/repos/elizabrock/inquizator-test-repo/git/trees/8fe8641fa77fd4e90ad0128774a07aaeea7a47b7","type":"dir","_links":{"self":"https://api.github.com/repos/elizabrock/inquizator-test-repo/contents/exercises/01-cheers?ref=master","git":"https://api.github.com/repos/elizabrock/inquizator-test-repo/git/trees/8fe8641fa77fd4e90ad0128774a07aaeea7a47b7","html":"https://github.com/elizabrock/inquizator-test-repo/tree/master/exercises/01-cheers"}},{"name":"02-ruby-koans","path":"exercises/02-ruby-koans","sha":"b3f6b39822ca8b450b5b0d34169016b46d5d4c6f","size":0,"url":"https://api.github.com/repos/elizabrock/inquizator-test-repo/contents/exercises/02-ruby-koans?ref=master","html_url":"https://github.com/elizabrock/inquizator-test-repo/tree/master/exercises/02-ruby-koans","git_url":"https://api.github.com/repos/elizabrock/inquizator-test-repo/git/trees/b3f6b39822ca8b450b5b0d34169016b46d5d4c6f","type":"dir","_links":{"self":"https://api.github.com/repos/elizabrock/inquizator-test-repo/contents/exercises/02-ruby-koans?ref=master","git":"https://api.github.com/repos/elizabrock/inquizator-test-repo/git/trees/b3f6b39822ca8b450b5b0d34169016b46d5d4c6f","html":"https://github.com/elizabrock/inquizator-test-repo/tree/master/exercises/02-ruby-koans"}},{"name":"03-some-other-exercise","path":"exercises/03-some-other-exercise","sha":"8fe8641fa77fd4e90ad0128774a07aaeea7a47b7","size":0,"url":"https://api.github.com/repos/elizabrock/inquizator-test-repo/contents/exercises/03-some-other-exercise?ref=master","html_url":"https://github.com/elizabrock/inquizator-test-repo/tree/master/exercises/03-some-other-exercise","git_url":"https://api.github.com/repos/elizabrock/inquizator-test-repo/git/trees/8fe8641fa77fd4e90ad0128774a07aaeea7a47b7","type":"dir","_links":{"self":"https://api.github.com/repos/elizabrock/inquizator-test-repo/contents/exercises/03-some-other-exercise?ref=master","git":"https://api.github.com/repos/elizabrock/inquizator-test-repo/git/trees/8fe8641fa77fd4e90ad0128774a07aaeea7a47b7","html":"https://github.com/elizabrock/inquizator-test-repo/tree/master/exercises/03-some-other-exercise"}},{"name":"04-unfinished-exercise","path":"exercises/04-unfinished-exercise","sha":"fd6b3d30c0e2f274ee08774c93ee760aaf82db1f","size":0,"url":"https://api.github.com/repos/elizabrock/inquizator-test-repo/contents/exercises/04-unfinished-exercise?ref=master","html_url":"https://github.com/elizabrock/inquizator-test-repo/tree/master/exercises/04-unfinished-exercise","git_url":"https://api.github.com/repos/elizabrock/inquizator-test-repo/git/trees/fd6b3d30c0e2f274ee08774c93ee760aaf82db1f","type":"dir","_links":{"self":"https://api.github.com/repos/elizabrock/inquizator-test-repo/contents/exercises/04-unfinished-exercise?ref=master","git":"https://api.github.com/repos/elizabrock/inquizator-test-repo/git/trees/fd6b3d30c0e2f274ee08774c93ee760aaf82db1f","html":"https://github.com/elizabrock/inquizator-test-repo/tree/master/exercises/04-unfinished-exercise"}}]'
    http_version: 
  recorded_at: Fri, 01 Mar 2013 06:00:01 GMT
recorded_with: VCR 2.9.0
